internal/active/session_security.go:4:1: missing import path
